
> ocr-pdf-converter@1.0.0 test
> jest

node.exe : PASS tests/unit/pdfProcessor.test.js
発生場所 C:\Program Files\nodejs\npm.ps1:29 文字:3
+   & $NODE_EXE $NPM_CLI_JS $args
+   ~~~~~~~~~~~~~~~~~~~~~~~~~~~~~
    + CategoryInfo          : NotSpecified: (PASS tests/unit/pdfProcessor.test.js:String) [], RemoteException
    + FullyQualifiedErrorId : NativeCommandError
 
  笳・Console

    console.log
      [pdfProcessor] Worker path set to: /pdf.worker.min.mjs

      at Object.log (src/services/pdfProcessor.js:8:9)

    console.log
      [pdfProcessor] Loading PDF: undefined Size: 13

      at log (src/services/pdfProcessor.js:17:13)

    console.log
      [pdfProcessor] ArrayBuffer created, size: 8

      at log (src/services/pdfProcessor.js:19:13)

    console.log
      [pdfProcessor] PDF loaded successfully, pages: 5

      at log (src/services/pdfProcessor.js:21:13)

    console.log
      [pdfProcessor] Loading PDF: undefined Size: 5

      at log (src/services/pdfProcessor.js:17:13)

    console.log
      [pdfProcessor] ArrayBuffer created, size: 8

      at log (src/services/pdfProcessor.js:19:13)

    console.error
      [pdfProcessor] PDF loading failed: Error: Load error
          at Object.<anonymous> (C:\Users\h-ham\spec-kit\09_OCR窶善DF窶舛onverter\tests\unit\pdfProcessor.test.js:37:33)
          at Promise.then.completed (C:\Users\h-ham\spec-kit\09_OCR窶善DF窶舛onverter\node_modules\jest-circus\build\utils.js
:298:28)
          at new Promise (<anonymous>)
          at callAsyncCircusFn (C:\Users\h-ham\spec-kit\09_OCR窶善DF窶舛onverter\node_modules\jest-circus\build\utils.js:231:
10)
          at _callCircusTest (C:\Users\h-ham\spec-kit\09_OCR窶善DF窶舛onverter\node_modules\jest-circus\build\run.js:316:40)
          at processTicksAndRejections (node:internal/process/task_queues:105:5)
          at _runTest (C:\Users\h-ham\spec-kit\09_OCR窶善DF窶舛onverter\node_modules\jest-circus\build\run.js:252:3)
          at _runTestsForDescribeBlock (C:\Users\h-ham\spec-kit\09_OCR窶善DF窶舛onverter\node_modules\jest-circus\build\run.j
s:126:9)
          at _runTestsForDescribeBlock (C:\Users\h-ham\spec-kit\09_OCR窶善DF窶舛onverter\node_modules\jest-circus\build\run.j
s:121:9)
          at _runTestsForDescribeBlock (C:\Users\h-ham\spec-kit\09_OCR窶善DF窶舛onverter\node_modules\jest-circus\build\run.j
s:121:9)
          at run (C:\Users\h-ham\spec-kit\09_OCR窶善DF窶舛onverter\node_modules\jest-circus\build\run.js:71:3)
          at runAndTransformResultsToJestFormat (C:\Users\h-ham\spec-kit\09_OCR窶善DF窶舛onverter\node_modules\jest-circus\bu
ild\legacy-code-todo-rewrite\jestAdapterInit.js:122:21)
          at jestAdapter (C:\Users\h-ham\spec-kit\09_OCR窶善DF窶舛onverter\node_modules\jest-circus\build\legacy-code-todo-re
write\jestAdapter.js:79:19)
          at runTestInternal (C:\Users\h-ham\spec-kit\09_OCR窶善DF窶舛onverter\node_modules\jest-runner\build\runTest.js:367:
16)
          at runTest (C:\Users\h-ham\spec-kit\09_OCR窶善DF窶舛onverter\node_modules\jest-runner\build\runTest.js:444:34)
          at Object.worker (C:\Users\h-ham\spec-kit\09_OCR窶善DF窶舛onverter\node_modules\jest-runner\build\testWorker.js:106
:12)

    [0m [90m 26 |[39m     }[33m;[39m
     [90m 27 |[39m   } [36mcatch[39m (error) {
    [31m[1m>[22m[39m[90m 28 |[39m     console[33m.[39merror([32m'[pdfProcessor] PDF loading failed:'[39m[33m,
[39m error)[33m;[39m
     [90m    |[39m             [31m[1m^[22m[39m
     [90m 29 |[39m     [36mthrow[39m [36mnew[39m [33mError[39m([32m'PDFLoading failed: '[39m [33m+[39m error
[33m.[39mmessage)[33m;[39m
     [90m 30 |[39m   }
     [90m 31 |[39m }[0m

      at error (src/services/pdfProcessor.js:28:13)
      at Object.<anonymous> (tests/unit/pdfProcessor.test.js:40:7)

    console.log
      [pdfProcessor] 繝壹・繧ｸ 1 繝ｬ繝ｳ繝繝ｪ繝ｳ繧ｰ螳御ｺ・  100 x 200

      at log (src/services/pdfProcessor.js:60:13)

FAIL tests/unit/pdfGenerator.test.js
  笳・Console

    console.log
      [pdfGenerator] 繝・く繧ｹ繝医Ξ繧､繝､繝ｼ霑ｽ蜉髢句ｧ・ 繝壹・繧ｸ謨ｰ: 1

      at log (src/services/pdfGenerator.js:48:13)

    console.log
      [pdfGenerator] 繝・く繧ｹ繝医Ξ繧､繝､繝ｼ霑ｽ蜉螳御ｺ・ 邱上い繧､繝・Β: 1 繧ｹ繧ｭ繝・・: 1

      at log (src/services/pdfGenerator.js:87:13)

    console.log
      [pdfGenerator] 繝・く繧ｹ繝医Ξ繧､繝､繝ｼ霑ｽ蜉髢句ｧ・ 繝壹・繧ｸ謨ｰ: 2

      at log (src/services/pdfGenerator.js:48:13)

    console.log
      [pdfGenerator] 繝・く繧ｹ繝医Ξ繧､繝､繝ｼ霑ｽ蜉螳御ｺ・ 邱上い繧､繝・Β: 2 繧ｹ繧ｭ繝・・: 0

      at log (src/services/pdfGenerator.js:87:13)

    console.log
      [pdfGenerator] 繝・く繧ｹ繝医Ξ繧､繝､繝ｼ霑ｽ蜉髢句ｧ・ 繝壹・繧ｸ謨ｰ: 0

      at log (src/services/pdfGenerator.js:48:13)

    console.log
      [pdfGenerator] 繝・く繧ｹ繝医Ξ繧､繝､繝ｼ霑ｽ蜉螳御ｺ・ 邱上い繧､繝・Β: 0 繧ｹ繧ｭ繝・・: 0

      at log (src/services/pdfGenerator.js:87:13)

  笳・pdfGenerator 窶ｺ addTextLayerToPDF 窶ｺ PDF縺ｫ繝・く繧ｹ繝医Ξ繧､繝､繝ｼ繧定ｿｽ蜉縺吶ｋ

    expect(jest.fn()).toHaveBeenCalledWith(...expected)

    Expected: "繝・せ繝・, {"color": {"b": 0, "g": 0, "r": 0}, "font": "mockFont", "opacity": 0, "size": 20, "x": 10, "y": 20}

    Number of calls: 0

    [0m [90m  99 |[39m       expect(mockPdfDoc[33m.[39membedFont)[33m.[39mtoHaveBeenCalledWith([33mStandardFonts
[39m[33m.[39m[33mHelvetica[39m)[33m;[39m
     [90m 100 |[39m       expect(mockPdfDoc[33m.[39mgetPage)[33m.[39mtoHaveBeenCalledWith([35m0[39m)[33m;[39m 
[90m// pageNumber 1 -> index 0[39m
    [31m[1m>[22m[39m[90m 101 |[39m       expect(mockPage[33m.[39mdrawText)[33m.[39mtoHaveBeenCalledWith([32m'繝
・せ繝・[39m[33m,[39m {
     [90m     |[39m                                 [31m[1m^[22m[39m
     [90m 102 |[39m         x[33m:[39m [35m10[39m[33m,[39m
     [90m 103 |[39m         y[33m:[39m [35m20[39m[33m,[39m
     [90m 104 |[39m         size[33m:[39m [35m20[39m[33m,[39m[0m

      at Object.toHaveBeenCalledWith (tests/unit/pdfGenerator.test.js:101:33)

PASS tests/unit/fileValidator.test.js
PASS tests/unit/errorHandler.test.js
PASS tests/unit/ocrEngine.test.js
  笳・Console

    console.log
      [ocrEngine] OCR蜃ｦ逅・幕蟋・- 繝壹・繧ｸ 1 Image type: HTMLCanvasElement

      at log (src/services/ocrEngine.js:45:13)

    console.log
      [ocrEngine] OCR螳御ｺ・- 繝壹・繧ｸ 1 蜊倩ｪ樊焚: 2 菫｡鬆ｼ蠎ｦ: 0.93

      at log (src/services/ocrEngine.js:85:13)

    console.log
      [ocrEngine] OCR蜃ｦ逅・幕蟋・- 繝壹・繧ｸ null Image type: HTMLCanvasElement

      at log (src/services/ocrEngine.js:45:13)

    console.log
      [ocrEngine] OCR螳御ｺ・- 繝壹・繧ｸ null 蜊倩ｪ樊焚: 1 菫｡鬆ｼ蠎ｦ: 0.60

      at log (src/services/ocrEngine.js:85:13)

    console.log
      [ocrEngine] OCR蜃ｦ逅・幕蟋・- 繝壹・繧ｸ 1 Image type: HTMLCanvasElement

      at log (src/services/ocrEngine.js:45:13)

    console.log
      [ocrEngine] OCR螳御ｺ・- 繝壹・繧ｸ 1 蜊倩ｪ樊焚: 1 菫｡鬆ｼ蠎ｦ: 0.95

      at log (src/services/ocrEngine.js:85:13)

    console.log
      [ocrEngine] OCR蜃ｦ逅・幕蟋・- 繝壹・繧ｸ 1 Image type: HTMLCanvasElement

      at log (src/services/ocrEngine.js:45:13)

    console.log
      [ocrEngine] OCR蜃ｦ逅・幕蟋・- 繝壹・繧ｸ null Image type: HTMLCanvasElement

      at log (src/services/ocrEngine.js:45:13)

    console.log
      [ocrEngine] OCR螳御ｺ・- 繝壹・繧ｸ null 蜊倩ｪ樊焚: 1 菫｡鬆ｼ蠎ｦ: 0.90

      at log (src/services/ocrEngine.js:85:13)

PASS tests/unit/coordinateConverter.test.js
PASS tests/unit/App.test.js (5.275 s)
  笳・Console

    console.log
      [pdfProcessor] Worker path set to: /pdf.worker.min.mjs

      at Object.log (src/services/pdfProcessor.js:8:9)


Test Suites: 1 failed, 6 passed, 7 total
Tests:       1 failed, 78 passed, 79 total
Snapshots:   0 total
Time:        9.337 s, estimated 13 s
Ran all test suites.
